          1          1 F     ! nop,nop2,symor
!  1
    1    0    0        0.00000
    0    1    0        0.00000
    0    0    1        0.00000
