           6           6 T     ! nop,nop2,symor 
!  1
    1    0    0        0.00000
    0    1    0        0.00000
    0    0    1        0.00000
!  2
    0    1    0        0.00000
    1    0    0        0.00000
    0    0    1        0.00000
!  3
    0    0    1        0.00000
    0    1    0        0.00000
    1    0    0        0.00000
!  4
    0    0    1        0.00000
    1    0    0        0.00000
    0    1    0        0.00000
!  5
    0    1    0        0.00000
    0    0    1        0.00000
    1    0    0        0.00000
!  6
    1    0    0        0.00000
    0    0    1        0.00000
    0    1    0        0.00000
